20:26:24 **** Incremental Build of configuration Debug for project DevelopmentBoardCLED ****
make -j18 all 
arm-none-eabi-gcc "../Core/Src/freertos.c" -mcpu=cortex-m4 -std=gnu11 -g3 -DDEBUG -DUSE_HAL_DRIVER -DSTM32F407xx -DUSE_FULL_LL_DRIVER -c -I../Core/Inc -I../Drivers/STM32F4xx_HAL_Driver/Inc -I../Drivers/STM32F4xx_HAL_Driver/Inc/Legacy -I../Drivers/CMSIS/Device/ST/STM32F4xx/Include -I../Drivers/CMSIS/Include -I../Middlewares/Third_Party/FreeRTOS/Source/include -I../Middlewares/Third_Party/FreeRTOS/Source/portable/GCC/ARM_CM4F -I../USB_DEVICE/App -I../USB_DEVICE/Target -I../Middlewares/Third_Party/FreeRTOS/Source/CMSIS_RTOS -I../Middlewares/ST/STM32_USB_Device_Library/Core/Inc -I../Middlewares/ST/STM32_USB_Device_Library/Class/CDC/Inc -O0 -ffunction-sections -fdata-sections -Wall -fstack-usage -fcyclomatic-complexity -MMD -MP -MF"Core/Src/freertos.d" -MT"Core/Src/freertos.o" --specs=nano.specs -mfpu=fpv4-sp-d16 -mfloat-abi=hard -mthumb -o "Core/Src/freertos.o"
In file included from ../Core/Src/freertos.c:24:
../Core/Src/freertos.c: In function 'MX_FREERTOS_Init':
../Middlewares/Third_Party/FreeRTOS/Source/CMSIS_RTOS/cmsis_os.h:416:10: warning: initialization of 'void (*)(const void *)' from incompatible pointer type 'void (*)(void *)' [-Wincompatible-pointer-types]
  416 | { #name, (thread), (priority), (instances), (stacksz), NULL, NULL }
      |          ^
../Core/Src/freertos.c:158:3: note: in expansion of macro 'osThreadDef'
  158 |   osThreadDef(led_task, led_task, osPriorityLow, 0, 128);
      |   ^~~~~~~~~~~
../Middlewares/Third_Party/FreeRTOS/Source/CMSIS_RTOS/cmsis_os.h:416:10: note: (near initialization for 'os_thread_def_led_task.pthread')
  416 | { #name, (thread), (priority), (instances), (stacksz), NULL, NULL }
      |          ^
../Core/Src/freertos.c:158:3: note: in expansion of macro 'osThreadDef'
  158 |   osThreadDef(led_task, led_task, osPriorityLow, 0, 128);
      |   ^~~~~~~~~~~
arm-none-eabi-gcc -o "DevelopmentBoardCLED.elf" @"objects.list"   -mcpu=cortex-m4 -T"C:\Users\sohev\Downloads\DevelopmentBoardCTest\DevelopmentBoardCLED\STM32F407IGHX_FLASH.ld" --specs=nosys.specs -Wl,-Map="DevelopmentBoardCLED.map" -Wl,--gc-sections -static --specs=nano.specs -mfpu=fpv4-sp-d16 -mfloat-abi=hard -mthumb -Wl,--start-group -lc -lm -Wl,--end-group
Finished building target: DevelopmentBoardCLED.elf
 
arm-none-eabi-size  DevelopmentBoardCLED.elf 
arm-none-eabi-objdump -h -S DevelopmentBoardCLED.elf  > "DevelopmentBoardCLED.list"
   text	   data	    bss	    dec	    hex	filename
  61848	    336	  96760	 158944	  26ce0	DevelopmentBoardCLED.elf
Finished building: default.size.stdout
 
Finished building: DevelopmentBoardCLED.list
 
20:26:55 **** Incremental Build of configuration Debug for project DevelopmentBoardCLED ****
make -j18 all 
arm-none-eabi-size  DevelopmentBoardCLED.elf 
   text	   data	    bss	    dec	    hex	filename
  61848	    336	  96760	 158944	  26ce0	DevelopmentBoardCLED.elf
Finished building: default.size.stdout
 
20:28:56 **** Incremental Build of configuration Debug for project DevelopmentBoardCLED ****
make -j18 all 
arm-none-eabi-gcc "../Core/Src/freertos.c" -mcpu=cortex-m4 -std=gnu11 -g3 -DDEBUG -DUSE_HAL_DRIVER -DSTM32F407xx -DUSE_FULL_LL_DRIVER -c -I../Core/Inc -I../Drivers/STM32F4xx_HAL_Driver/Inc -I../Drivers/STM32F4xx_HAL_Driver/Inc/Legacy -I../Drivers/CMSIS/Device/ST/STM32F4xx/Include -I../Drivers/CMSIS/Include -I../Middlewares/Third_Party/FreeRTOS/Source/include -I../Middlewares/Third_Party/FreeRTOS/Source/portable/GCC/ARM_CM4F -I../USB_DEVICE/App -I../USB_DEVICE/Target -I../Middlewares/Third_Party/FreeRTOS/Source/CMSIS_RTOS -I../Middlewares/ST/STM32_USB_Device_Library/Core/Inc -I../Middlewares/ST/STM32_USB_Device_Library/Class/CDC/Inc -O0 -ffunction-sections -fdata-sections -Wall -fstack-usage -fcyclomatic-complexity -MMD -MP -MF"Core/Src/freertos.d" -MT"Core/Src/freertos.o" --specs=nano.specs -mfpu=fpv4-sp-d16 -mfloat-abi=hard -mthumb -o "Core/Src/freertos.o"
arm-none-eabi-gcc "../Core/Src/ledtask2.c" -mcpu=cortex-m4 -std=gnu11 -g3 -DDEBUG -DUSE_HAL_DRIVER -DSTM32F407xx -DUSE_FULL_LL_DRIVER -c -I../Core/Inc -I../Drivers/STM32F4xx_HAL_Driver/Inc -I../Drivers/STM32F4xx_HAL_Driver/Inc/Legacy -I../Drivers/CMSIS/Device/ST/STM32F4xx/Include -I../Drivers/CMSIS/Include -I../Middlewares/Third_Party/FreeRTOS/Source/include -I../Middlewares/Third_Party/FreeRTOS/Source/portable/GCC/ARM_CM4F -I../USB_DEVICE/App -I../USB_DEVICE/Target -I../Middlewares/Third_Party/FreeRTOS/Source/CMSIS_RTOS -I../Middlewares/ST/STM32_USB_Device_Library/Core/Inc -I../Middlewares/ST/STM32_USB_Device_Library/Class/CDC/Inc -O0 -ffunction-sections -fdata-sections -Wall -fstack-usage -fcyclomatic-complexity -MMD -MP -MF"Core/Src/ledtask2.d" -MT"Core/Src/ledtask2.o" --specs=nano.specs -mfpu=fpv4-sp-d16 -mfloat-abi=hard -mthumb -o "Core/Src/ledtask2.o"
arm-none-eabi-gcc -o "DevelopmentBoardCLED.elf" @"objects.list"   -mcpu=cortex-m4 -T"C:\Users\sohev\Downloads\DevelopmentBoardCTest\DevelopmentBoardCLED\STM32F407IGHX_FLASH.ld" --specs=nosys.specs -Wl,-Map="DevelopmentBoardCLED.map" -Wl,--gc-sections -static --specs=nano.specs -mfpu=fpv4-sp-d16 -mfloat-abi=hard -mthumb -Wl,--start-group -lc -lm -Wl,--end-group
Finished building target: DevelopmentBoardCLED.elf
 
arm-none-eabi-size  DevelopmentBoardCLED.elf 
arm-none-eabi-objdump -h -S DevelopmentBoardCLED.elf  > "DevelopmentBoardCLED.list"
   text	   data	    bss	    dec	    hex	filename
  61848	    336	  96760	 158944	  26ce0	DevelopmentBoardCLED.elf
Finished building: default.size.stdout
 
Finished building: DevelopmentBoardCLED.list
 
